2025-10-23 11:55:25 +0000 - dagster - DEBUG - github_scraper_job - 9906f276-5c2b-4bf5-ab7e-ff7adff3ba43 - 1311 - LOGS_CAPTURED - Started capturing logs in process (pid: 1311).
2025-10-23 11:55:25 +0000 - dagster - DEBUG - github_scraper_job - 9906f276-5c2b-4bf5-ab7e-ff7adff3ba43 - 1311 - github_to_db_asset - STEP_START - Started execution of step "github_to_db_asset".
Exception while writing logger call to event log: (sqlite3.OperationalError) database is locked
[SQL: INSERT INTO event_logs (run_id, event, dagster_event_type, timestamp, step_key, asset_key, partition) VALUES (?, ?, ?, ?, ?, ?, ?)]
[parameters: ('9906f276-5c2b-4bf5-ab7e-ff7adff3ba43', '{"__class__": "EventLogEntry", "dagster_event": null, "error_info": null, "level": 10, "message": "", "pipeline_name": "github_scraper_job", "run_id" ... (85 characters truncated) ... p": 1761220525.5746086, "user_message": "Loading file from: /app/src/dagster/storage/github_mapping_asset using PickledObjectFilesystemIOManager..."}', None, '2025-10-23 11:55:25.574609', 'github_to_db_asset', None, None)]
(Background on this error at: https://sqlalche.me/e/20/e3q8)
2025-10-23 11:55:35 +0000 - dagster - DEBUG - github_scraper_job - 9906f276-5c2b-4bf5-ab7e-ff7adff3ba43 - github_to_db_asset - Loading file from: /app/src/dagster/storage/github_mapping_asset using PickledObjectFilesystemIOManager...
2025-10-23 11:55:35 +0000 - dagster - DEBUG - github_scraper_job - 9906f276-5c2b-4bf5-ab7e-ff7adff3ba43 - 1311 - github_to_db_asset - LOADED_INPUT - Loaded input "github_mapping_asset" using input manager "io_manager", from output "result" of step "github_mapping_asset"
2025-10-23 11:55:35 +0000 - dagster - DEBUG - github_scraper_job - 9906f276-5c2b-4bf5-ab7e-ff7adff3ba43 - 1311 - github_to_db_asset - STEP_INPUT - Got input "github_mapping_asset" of type "Any". (Type check passed).
2025-10-23 11:55:36 +0000 - dagster - ERROR - github_scraper_job - 9906f276-5c2b-4bf5-ab7e-ff7adff3ba43 - 1311 - github_to_db_asset - STEP_FAILURE - Execution of step "github_to_db_asset" failed.

dagster._core.errors.DagsterExecutionStepExecutionError: Error occurred while executing op "github_to_db_asset"::

RuntimeError: The Client hasn't been generated yet, you must run `prisma generate` before you can use the client.
See https://prisma-client-py.readthedocs.io/en/stable/reference/troubleshooting/#client-has-not-been-generated-yet

Stack Trace:
  File "/usr/local/lib/python3.11/site-packages/dagster/_core/execution/plan/utils.py", line 57, in op_execution_error_boundary
    yield
  File "/usr/local/lib/python3.11/site-packages/dagster/_utils/__init__.py", line 392, in iterate_with_context
    next_output = next(iterator)
                  ^^^^^^^^^^^^^^
  File "/usr/local/lib/python3.11/site-packages/dagster/_core/execution/plan/compute_generator.py", line 137, in _coerce_op_compute_fn_to_iterator
    result = invoke_compute_fn(
             ^^^^^^^^^^^^^^^^^^
  File "/usr/local/lib/python3.11/site-packages/dagster/_core/execution/plan/compute_generator.py", line 117, in invoke_compute_fn
    return fn(context, **args_to_pass) if context_arg_provided else fn(**args_to_pass)
           ^^^^^^^^^^^^^^^^^^^^^^^^^^^
  File "/app/src/dagster/assets.py", line 154, in github_to_db_asset
    with prisma_client() as prisma:
  File "/usr/local/lib/python3.11/contextlib.py", line 137, in __enter__
    return next(self.gen)
           ^^^^^^^^^^^^^^
  File "/app/src/dagster/assets.py", line 24, in prisma_client
    from prisma import Prisma
  File "<frozen importlib._bootstrap>", line 1229, in _handle_fromlist
  File "/usr/local/lib/python3.11/site-packages/prisma/__init__.py", line 53, in __getattr__
    raise RuntimeError(

