2025-10-23 11:55:25 +0000 - dagster - DEBUG - github_scraper_job - 9906f276-5c2b-4bf5-ab7e-ff7adff3ba43 - 1308 - LOGS_CAPTURED - Started capturing logs in process (pid: 1308).
2025-10-23 11:55:25 +0000 - dagster - DEBUG - github_scraper_job - 9906f276-5c2b-4bf5-ab7e-ff7adff3ba43 - 1308 - github_mapping_asset_github_mapping_duplicate_url_check - STEP_START - Started execution of step "github_mapping_asset_github_mapping_duplicate_url_check".
2025-10-23 11:55:25 +0000 - dagster - DEBUG - github_scraper_job - 9906f276-5c2b-4bf5-ab7e-ff7adff3ba43 - github_mapping_asset_github_mapping_duplicate_url_check - Loading file from: /app/src/dagster/storage/github_mapping_asset using PickledObjectFilesystemIOManager...
2025-10-23 11:55:25 +0000 - dagster - DEBUG - github_scraper_job - 9906f276-5c2b-4bf5-ab7e-ff7adff3ba43 - 1308 - github_mapping_asset_github_mapping_duplicate_url_check - LOADED_INPUT - Loaded input "github_mapping_asset" using input manager "io_manager", from output "result" of step "github_mapping_asset"
2025-10-23 11:55:25 +0000 - dagster - DEBUG - github_scraper_job - 9906f276-5c2b-4bf5-ab7e-ff7adff3ba43 - 1308 - github_mapping_asset_github_mapping_duplicate_url_check - STEP_INPUT - Got input "github_mapping_asset" of type "Any". (Type check passed).
2025-10-23 11:55:25 +0000 - dagster - INFO - github_scraper_job - 9906f276-5c2b-4bf5-ab7e-ff7adff3ba43 - github_mapping_asset_github_mapping_duplicate_url_check - No duplicate repoUrl or githubUrl detected.
Exception while writing logger call to event log: (sqlite3.OperationalError) database is locked
[SQL: INSERT INTO event_logs (run_id, event, dagster_event_type, timestamp, step_key, asset_key, partition) VALUES (?, ?, ?, ?, ?, ?, ?)]
[parameters: ('9906f276-5c2b-4bf5-ab7e-ff7adff3ba43', '{"__class__": "EventLogEntry", "dagster_event": {"__class__": "DagsterEvent", "event_specific_data": {"__class__": "StepOutputData", "metadata_entrie ... (1445 characters truncated) ... mapping_duplicate_url_check", "timestamp": 1761220525.5573218, "user_message": "Yielded output \\"result\\" of type \\"Any\\". (Type check passed)."}', 'STEP_OUTPUT', '2025-10-23 11:55:25.557322', 'github_mapping_asset_github_mapping_duplicate_url_check', None, None)]
(Background on this error at: https://sqlalche.me/e/20/e3q8)
2025-10-23 11:55:35 +0000 - dagster - ERROR - github_scraper_job - 9906f276-5c2b-4bf5-ab7e-ff7adff3ba43 - 1308 - github_mapping_asset_github_mapping_duplicate_url_check - STEP_FAILURE - Execution of step "github_mapping_asset_github_mapping_duplicate_url_check" failed.

sqlalchemy.exc.OperationalError: (sqlite3.OperationalError) database is locked
[SQL: INSERT INTO event_logs (run_id, event, dagster_event_type, timestamp, step_key, asset_key, partition) VALUES (?, ?, ?, ?, ?, ?, ?)]
[parameters: ('9906f276-5c2b-4bf5-ab7e-ff7adff3ba43', '{"__class__": "EventLogEntry", "dagster_event": {"__class__": "DagsterEvent", "event_specific_data": {"__class__": "StepOutputData", "metadata_entrie ... (1445 characters truncated) ... mapping_duplicate_url_check", "timestamp": 1761220525.5573218, "user_message": "Yielded output \\"result\\" of type \\"Any\\". (Type check passed)."}', 'STEP_OUTPUT', '2025-10-23 11:55:25.557322', 'github_mapping_asset_github_mapping_duplicate_url_check', None, None)]
(Background on this error at: https://sqlalche.me/e/20/e3q8)

Stack Trace:
  File "/usr/local/lib/python3.11/site-packages/dagster/_core/execution/plan/execute_plan.py", line 247, in dagster_event_sequence_for_step
    yield from check.generator(step_events)
  File "/usr/local/lib/python3.11/site-packages/dagster/_core/execution/plan/execute_step.py", line 511, in core_dagster_event_sequence_for_step
    for evt in _type_check_and_store_output(step_context, user_event):
  File "/usr/local/lib/python3.11/site-packages/dagster/_core/execution/plan/execute_step.py", line 575, in _type_check_and_store_output
    yield from _type_check_output(step_context, step_output_handle, output)
  File "/usr/local/lib/python3.11/site-packages/dagster/_core/execution/plan/execute_step.py", line 411, in _type_check_output
    yield DagsterEvent.step_output_event(
          ^^^^^^^^^^^^^^^^^^^^^^^^^^^^^^^
  File "/usr/local/lib/python3.11/site-packages/dagster/_core/events/__init__.py", line 981, in step_output_event
    return DagsterEvent.from_step(
           ^^^^^^^^^^^^^^^^^^^^^^^
  File "/usr/local/lib/python3.11/site-packages/dagster/_core/events/__init__.py", line 511, in from_step
    log_step_event(step_context, event, batch_metadata)
  File "/usr/local/lib/python3.11/site-packages/dagster/_core/events/__init__.py", line 382, in log_step_event
    step_context.log.log_dagster_event(
  File "/usr/local/lib/python3.11/site-packages/dagster/_core/log_manager.py", line 396, in log_dagster_event
    self.log(
  File "/usr/local/lib/python3.11/site-packages/dagster/_core/log_manager.py", line 426, in log
    self._log(level, msg, args, **kwargs)
  File "/usr/local/lib/python3.11/logging/__init__.py", line 1634, in _log
    self.handle(record)
  File "/usr/local/lib/python3.11/logging/__init__.py", line 1644, in handle
    self.callHandlers(record)
  File "/usr/local/lib/python3.11/logging/__init__.py", line 1706, in callHandlers
    hdlr.handle(record)
  File "/usr/local/lib/python3.11/logging/__init__.py", line 978, in handle
    self.emit(record)
  File "/usr/local/lib/python3.11/site-packages/dagster/_core/log_manager.py", line 269, in emit
    handler.handle(dagster_record)
  File "/usr/local/lib/python3.11/logging/__init__.py", line 978, in handle
    self.emit(record)
  File "/usr/local/lib/python3.11/site-packages/dagster/_core/instance/types.py", line 49, in emit
    self._instance.handle_new_event(
  File "/usr/local/lib/python3.11/site-packages/dagster/_core/instance/methods/event_methods.py", line 229, in handle_new_event
    self._event_storage_impl.store_event(events[0])
  File "/usr/local/lib/python3.11/site-packages/dagster/_core/storage/event_log/sqlite/sqlite_event_log.py", line 259, in store_event
    conn.execute(insert_event_statement)
  File "/usr/local/lib/python3.11/site-packages/sqlalchemy/engine/base.py", line 1419, in execute
    return meth(
           ^^^^^
  File "/usr/local/lib/python3.11/site-packages/sqlalchemy/sql/elements.py", line 526, in _execute_on_connection
    return connection._execute_clauseelement(
           ^^^^^^^^^^^^^^^^^^^^^^^^^^^^^^^^^^
  File "/usr/local/lib/python3.11/site-packages/sqlalchemy/engine/base.py", line 1641, in _execute_clauseelement
    ret = self._execute_context(
          ^^^^^^^^^^^^^^^^^^^^^^
  File "/usr/local/lib/python3.11/site-packages/sqlalchemy/engine/base.py", line 1846, in _execute_context
    return self._exec_single_context(
           ^^^^^^^^^^^^^^^^^^^^^^^^^^
  File "/usr/local/lib/python3.11/site-packages/sqlalchemy/engine/base.py", line 1986, in _exec_single_context
    self._handle_dbapi_exception(
  File "/usr/local/lib/python3.11/site-packages/sqlalchemy/engine/base.py", line 2355, in _handle_dbapi_exception
    raise sqlalchemy_exception.with_traceback(exc_info[2]) from e
  File "/usr/local/lib/python3.11/site-packages/sqlalchemy/engine/base.py", line 1967, in _exec_single_context
    self.dialect.do_execute(
  File "/usr/local/lib/python3.11/site-packages/sqlalchemy/engine/default.py", line 951, in do_execute
    cursor.execute(statement, parameters)

The above exception was caused by the following exception:
sqlite3.OperationalError: database is locked

Stack Trace:
  File "/usr/local/lib/python3.11/site-packages/sqlalchemy/engine/base.py", line 1967, in _exec_single_context
    self.dialect.do_execute(
  File "/usr/local/lib/python3.11/site-packages/sqlalchemy/engine/default.py", line 951, in do_execute
    cursor.execute(statement, parameters)

